dispatch: GET /
  match: path=/ method=GET rules=2
    rule /* None score=1
    rule /* None score=1
  static: root=src/main/resources/web rel=index.html full=src/main/resources/web/index.html
dispatch: POST /reader3/saveBookSource
  match: path=/reader3/saveBookSource method=POST rules=1
    rule /reader3/saveBookSource Some(POST) score=25
dispatch: GET /reader3/searchBook?key=%E6%B5%8B%E8%AF%95&bookSourceUrl=http%3A%2F%2Flocalhost%3A18999
  match: path=/reader3/searchBook method=GET rules=2
    rule /reader3/searchBook Some(GET) score=25
[okhttp] enqueue executing:  http://localhost:18999/search?key=%E6%B5%8B%E8%AF%95&page=1
dispatch: GET /reader3/getBookInfo?url=http%3A%2F%2Flocalhost%3A18999%2Fbook%2F1&bookSourceUrl=http%3A%2F%2Flocalhost%3A18999
  match: path=/reader3/getBookInfo method=GET rules=2
    rule /reader3/getBookInfo Some(GET) score=25
[okhttp] enqueue executing:  http://localhost:18999/book/1
dispatch: GET /reader3/getChapterList?url=http%3A%2F%2Flocalhost%3A18999%2Fbook%2F1&bookSourceUrl=http%3A%2F%2Flocalhost%3A18999
  match: path=/reader3/getChapterList method=GET rules=2
    rule /reader3/getChapterList Some(GET) score=25
[okhttp] enqueue executing:  http://localhost:18999/book/1
[okhttp] enqueue executing:  http://localhost:18999/toc/1
dispatch: GET /reader3/getBookContent?url=http%3A%2F%2Flocalhost%3A18999%2Fbook%2F1&chapterUrl=http%3A%2F%2Flocalhost%3A18999%2Fcontent%2F1&bookSourceUrl=http%3A%2F%2Flocalhost%3A18999&index=-1
  match: path=/reader3/getBookContent method=GET rules=2
    rule /reader3/getBookContent Some(GET) score=25
[okhttp] enqueue executing:  http://localhost:18999/book/1
[okhttp] enqueue executing:  http://localhost:18999/toc/1
[okhttp] enqueue executing:  http://localhost:18999/content/1
