dispatch: GET /
  match: path=/ method=GET rules=2
    rule /* None score=1
    rule /* None score=1
  static: root=src/main/resources/web rel=index.html full=src/main/resources/web/index.html
dispatch: POST /reader3/login
  match: path=/reader3/login method=POST rules=1
    rule /reader3/login Some(POST) score=25
dispatch: POST /reader3/saveBookSource
  match: path=/reader3/saveBookSource method=POST rules=1
    rule /reader3/saveBookSource Some(POST) score=25
dispatch: POST /reader3/getBookSources
  match: path=/reader3/getBookSources method=POST rules=2
    rule /reader3/getBookSources Some(POST) score=25
dispatch: GET /reader3/getBookSources?simple=1
  match: path=/reader3/getBookSources method=GET rules=2
    rule /reader3/getBookSources Some(GET) score=25
dispatch: GET /reader3/exploreBook?ruleFindUrl=http%3A%2F%2Flocalhost%3A18999%2Fexplore&bookSourceUrl=http%3A%2F%2Flocalhost%3A18999
  match: path=/reader3/exploreBook method=GET rules=2
    rule /reader3/exploreBook Some(GET) score=25
[okhttp] enqueue executing:  http://localhost:18999/explore
dispatch: GET /reader3/getBookshelf
  match: path=/reader3/getBookshelf method=GET rules=1
    rule /reader3/getBookshelf Some(GET) score=25
dispatch: GET /reader3/searchBook?key=%E6%B5%8B%E8%AF%95&bookSourceUrl=http%3A%2F%2Flocalhost%3A18999
  match: path=/reader3/searchBook method=GET rules=2
    rule /reader3/searchBook Some(GET) score=25
[okhttp] enqueue executing:  http://localhost:18999/search?key=%E6%B5%8B%E8%AF%95&page=1
dispatch: GET /reader3/searchBookMulti?key=%E6%B5%8B%E8%AF%95&lastIndex=-1&searchSize=20
  match: path=/reader3/searchBookMulti method=GET rules=2
    rule /reader3/searchBookMulti Some(GET) score=25
[okhttp] enqueue executing:  http://localhost:18999/search?page=1&key=%E6%B5%8B%E8%AF%95
dispatch: GET /reader3/getBookInfo?url=http%3A%2F%2Flocalhost%3A18999%2Fbook%2F1&bookSourceUrl=http%3A%2F%2Flocalhost%3A18999
  match: path=/reader3/getBookInfo method=GET rules=2
    rule /reader3/getBookInfo Some(GET) score=25
[okhttp] enqueue executing:  http://localhost:18999/book/1
dispatch: GET /reader3/getChapterList?url=http%3A%2F%2Flocalhost%3A18999%2Fbook%2F1&bookSourceUrl=http%3A%2F%2Flocalhost%3A18999
  match: path=/reader3/getChapterList method=GET rules=2
    rule /reader3/getChapterList Some(GET) score=25
[okhttp] enqueue executing:  http://localhost:18999/book/1
[okhttp] enqueue executing:  http://localhost:18999/toc/1
dispatch: GET /reader3/getBookContent?url=http%3A%2F%2Flocalhost%3A18999%2Fbook%2F1&chapterUrl=http%3A%2F%2Flocalhost%3A18999%2Fcontent%2F1&bookSourceUrl=http%3A%2F%2Flocalhost%3A18999&index=-1
  match: path=/reader3/getBookContent method=GET rules=2
    rule /reader3/getBookContent Some(GET) score=25
[okhttp] enqueue executing:  http://localhost:18999/book/1
[okhttp] enqueue executing:  http://localhost:18999/toc/1
[okhttp] enqueue executing:  http://localhost:18999/content/1
dispatch: POST /reader3/saveBook
  match: path=/reader3/saveBook method=POST rules=1
    rule /reader3/saveBook Some(POST) score=25
[okhttp] enqueue executing:  http://localhost:18999/book/1
dispatch: GET /reader3/getBookshelf
  match: path=/reader3/getBookshelf method=GET rules=1
    rule /reader3/getBookshelf Some(GET) score=25
dispatch: GET /reader3/getBookshelf?refresh=1
  match: path=/reader3/getBookshelf method=GET rules=1
    rule /reader3/getBookshelf Some(GET) score=25
[okhttp] enqueue executing:  http://localhost:18999/toc/1
dispatch: POST /reader3/saveBookProgress
  match: path=/reader3/saveBookProgress method=POST rules=1
    rule /reader3/saveBookProgress Some(POST) score=25
dispatch: GET /reader3/getBookshelf
  match: path=/reader3/getBookshelf method=GET rules=1
    rule /reader3/getBookshelf Some(GET) score=25
dispatch: POST /reader3/book/saveBookConfig
  match: path=/reader3/book/saveBookConfig method=POST rules=1
    rule /reader3/book/saveBookConfig Some(POST) score=35
dispatch: GET /reader3/getShelfBook?url=http%3A%2F%2Flocalhost%3A18999%2Fbook%2F1
  match: path=/reader3/getShelfBook method=GET rules=1
    rule /reader3/getShelfBook Some(GET) score=25
dispatch: POST /reader3/saveBookGroupId
  match: path=/reader3/saveBookGroupId method=POST rules=1
    rule /reader3/saveBookGroupId Some(POST) score=25
dispatch: GET /reader3/getBookshelf
  match: path=/reader3/getBookshelf method=GET rules=1
    rule /reader3/getBookshelf Some(GET) score=25
dispatch: POST /reader3/saveBookmark
  match: path=/reader3/saveBookmark method=POST rules=1
    rule /reader3/saveBookmark Some(POST) score=25
dispatch: GET /reader3/getBookmarks
  match: path=/reader3/getBookmarks method=GET rules=1
    rule /reader3/getBookmarks Some(GET) score=25
dispatch: POST /reader3/deleteBookmark
  match: path=/reader3/deleteBookmark method=POST rules=1
    rule /reader3/deleteBookmark Some(POST) score=25
dispatch: GET /reader3/getBookmarks
  match: path=/reader3/getBookmarks method=GET rules=1
    rule /reader3/getBookmarks Some(GET) score=25
dispatch: POST /reader3/saveReplaceRule
  match: path=/reader3/saveReplaceRule method=POST rules=1
    rule /reader3/saveReplaceRule Some(POST) score=25
dispatch: POST /reader3/saveReplaceRule
  match: path=/reader3/saveReplaceRule method=POST rules=1
    rule /reader3/saveReplaceRule Some(POST) score=25
dispatch: GET /reader3/getReplaceRules
  match: path=/reader3/getReplaceRules method=GET rules=1
    rule /reader3/getReplaceRules Some(GET) score=25
dispatch: POST /reader3/deleteReplaceRule
  match: path=/reader3/deleteReplaceRule method=POST rules=1
    rule /reader3/deleteReplaceRule Some(POST) score=25
dispatch: GET /reader3/getReplaceRules
  match: path=/reader3/getReplaceRules method=GET rules=1
    rule /reader3/getReplaceRules Some(GET) score=25
dispatch: POST /reader3/saveRssSource
  match: path=/reader3/saveRssSource method=POST rules=1
    rule /reader3/saveRssSource Some(POST) score=25
dispatch: GET /reader3/getRssSources
  match: path=/reader3/getRssSources method=GET rules=1
    rule /reader3/getRssSources Some(GET) score=25
dispatch: POST /reader3/deleteRssSource
  match: path=/reader3/deleteRssSource method=POST rules=1
    rule /reader3/deleteRssSource Some(POST) score=25
dispatch: GET /reader3/getRssSources
  match: path=/reader3/getRssSources method=GET rules=1
    rule /reader3/getRssSources Some(GET) score=25
dispatch: POST /reader3/saveBookSources
  match: path=/reader3/saveBookSources method=POST rules=1
    rule /reader3/saveBookSources Some(POST) score=25
dispatch: POST /reader3/getBookSources
  match: path=/reader3/getBookSources method=POST rules=2
    rule /reader3/getBookSources Some(POST) score=25
dispatch: POST /reader3/backupToWebdav
  match: path=/reader3/backupToWebdav method=POST rules=1
    rule /reader3/backupToWebdav Some(POST) score=25
dispatch: MKCOL /reader3/webdav/legado
  match: path=/reader3/webdav/legado method=MKCOL rules=1
    rule /reader3/webdav* None score=22
dispatch: PUT /reader3/webdav/legado/test.txt
  match: path=/reader3/webdav/legado/test.txt method=PUT rules=1
    rule /reader3/webdav* None score=22
dispatch: PROPFIND /reader3/webdav/legado
  match: path=/reader3/webdav/legado method=PROPFIND rules=1
    rule /reader3/webdav* None score=22
dispatch: GET /reader3/webdav/legado/test.txt
  match: path=/reader3/webdav/legado/test.txt method=GET rules=1
    rule /reader3/webdav* None score=22
dispatch: DELETE /reader3/webdav/legado/test.txt
  match: path=/reader3/webdav/legado/test.txt method=DELETE rules=1
    rule /reader3/webdav* None score=22
dispatch: POST /reader3/saveFromRemoteSource
  match: path=/reader3/saveFromRemoteSource method=POST rules=1
    rule /reader3/saveFromRemoteSource Some(POST) score=25
dispatch: GET /reader3/cover?path=http%3A%2F%2Flocalhost%3A18999%2Fcover.jpg
  match: path=/reader3/cover method=GET rules=1
    rule /reader3/cover Some(GET) score=25
dispatch: POST /reader3/saveBookSource
  match: path=/reader3/saveBookSource method=POST rules=1
    rule /reader3/saveBookSource Some(POST) score=25
dispatch: POST /reader3/getBookSources
  match: path=/reader3/getBookSources method=POST rules=2
    rule /reader3/getBookSources Some(POST) score=25
dispatch: POST /reader3/saveBookSource
  match: path=/reader3/saveBookSource method=POST rules=1
    rule /reader3/saveBookSource Some(POST) score=25
dispatch: POST /reader3/getBookSources
  match: path=/reader3/getBookSources method=POST rules=2
    rule /reader3/getBookSources Some(POST) score=25
dispatch: POST /reader3/deleteBookSource
  match: path=/reader3/deleteBookSource method=POST rules=1
    rule /reader3/deleteBookSource Some(POST) score=25
dispatch: POST /reader3/getBookSources
  match: path=/reader3/getBookSources method=POST rules=2
    rule /reader3/getBookSources Some(POST) score=25
dispatch: POST /reader3/deleteBook
  match: path=/reader3/deleteBook method=POST rules=1
    rule /reader3/deleteBook Some(POST) score=25
dispatch: GET /reader3/getBookshelf
  match: path=/reader3/getBookshelf method=GET rules=1
    rule /reader3/getBookshelf Some(GET) score=25
