dispatch: POST /reader3/saveBookSource
  match: path=/reader3/saveBookSource method=POST rules=1
    rule /reader3/saveBookSource Some(POST) score=25
[jsonToBookSource] ruleToc in json: true
[jsonToBookSource] sourceAny=true fallback=false
dispatch: GET /reader3/getBookContent?url=http%3A%2F%2Flocalhost%3A18999%2Fbook%2F1&chapterUrl=http%3A%2F%2Flocalhost%3A18999%2Fcontent%2F1&bookSourceUrl=http%3A%2F%2Flocalhost%3A18999&index=-1
  match: path=/reader3/getBookContent method=GET rules=2
    rule /reader3/getBookContent Some(GET) score=25

thread '<unnamed>' (30948) panicked at src\..\src\main\java\io\legado\app\model\localBook\LocalBook.rs:49:9:
 文件不存在
note: run with `RUST_BACKTRACE=1` environment variable to display a backtrace
dispatch: GET /reader3/getBookContent?url=http%3A%2F%2Flocalhost%3A18999%2Fbook%2F1&chapterUrl=http%3A%2F%2Flocalhost%3A18999%2Fcontent%2F1&bookSourceUrl=http%3A%2F%2Flocalhost%3A18999&index=-1
  match: path=/reader3/getBookContent method=GET rules=2
    rule /reader3/getBookContent Some(GET) score=25

thread '<unnamed>' (30948) panicked at src\..\src\main\java\io\legado\app\model\localBook\LocalBook.rs:49:9:
 文件不存在
dispatch: GET /reader3/getBookContent?url=http%3A%2F%2Flocalhost%3A18999%2Fbook%2F1&chapterUrl=http%3A%2F%2Flocalhost%3A18999%2Fcontent%2F1&bookSourceUrl=http%3A%2F%2Flocalhost%3A18999&index=-1
  match: path=/reader3/getBookContent method=GET rules=2
    rule /reader3/getBookContent Some(GET) score=25

thread '<unnamed>' (30948) panicked at src\..\src\main\java\io\legado\app\model\localBook\LocalBook.rs:49:9:
 文件不存在
