dispatch: POST /reader3/saveBookSource
  match: path=/reader3/saveBookSource method=POST rules=1
    rule /reader3/saveBookSource Some(POST) score=25
[jsonToBookSource] ruleToc in json: true
[jsonToBookSource] sourceAny=true fallback=false
dispatch: GET /reader3/getBookContent?url=http%3A%2F%2Flocalhost%3A18999%2Fbook%2F1&chapterUrl=http%3A%2F%2Flocalhost%3A18999%2Fcontent%2F1&bookSourceUrl=http%3A%2F%2Flocalhost%3A18999&index=-1
  match: path=/reader3/getBookContent method=GET rules=2
    rule /reader3/getBookContent Some(GET) score=25
[web_book.from_json_string] input={"bookSourceComment":"","bookSourceGroup":null,"bookSourceName":"本地测试","bookSourceType":0,"bookSourceUrl":"http://localhost:18999","bookUrlPattern":null,"concurrentRate":null,"customOrder":0,"enabled":true,"enabledCookieJar":false,"enabledExplore":true,"exploreUrl":null,"header":null,"lastUpdateTime":0,"loginCheckJs":null,"loginUi":null,"loginUrl":null,"respondTime":180000,"ruleBookInfo":{"author":"$.author","canReName":null,"coverUrl":null,"init":null,"intro":"$.intro","kind":null,"lastChapter":null,"name":"$.name","tocUrl":"$.tocUrl","updateTime":null,"wordCount":null},"ruleContent":{"content":"div.content","imageStyle":null,"nextContentUrl":null,"replaceRegex":null,"sourceRegex":n
[jsonToBookSource] ruleToc in json: true
[jsonToBookSource] sourceAny=true fallback=false
[web_book.from_json_string] parsed=true
[analyze_url] rule_url=http://localhost:18999/book/1
[analyze_url] rule_url=<http://localhost:18999/book/1> param match=false
[getAbsoluteURL] base=Some("http://localhost:18999") rel=<http://localhost:18999/book/1>
[getAbsoluteURL] result=<http://localhost:18999/book/1>
[analyze_url] url set to <http://localhost:18999/book/1>
[get_str_response_await] url=http://localhost:18999/book/1 type=false use_web_view=false
[okhttp.get] url=<http://localhost:18999/book/1>
[new_call_str_response] url=<http://localhost:18999/book/1> method=
[okhttp] enqueue executing:  http://localhost:18999/book/1
[await_call] recv=true
[new_call_str_response] status=Some(200)
[book_info] name_raw=<测试之书>
[getAbsoluteURL] result=<http://localhost:18999/toc/1>
[jsonToBookSource] ruleToc in json: true
[jsonToBookSource] sourceAny=true fallback=false
[web_book.from_json_string] input={"bookSourceComment":"","bookSourceGroup":null,"bookSourceName":"本地测试","bookSourceType":0,"bookSourceUrl":"http://localhost:18999","bookUrlPattern":null,"concurrentRate":null,"customOrder":0,"enabled":true,"enabledCookieJar":false,"enabledExplore":true,"exploreUrl":null,"header":null,"lastUpdateTime":0,"loginCheckJs":null,"loginUi":null,"loginUrl":null,"respondTime":180000,"ruleBookInfo":{"author":"$.author","canReName":null,"coverUrl":null,"init":null,"intro":"$.intro","kind":null,"lastChapter":null,"name":"$.name","tocUrl":"$.tocUrl","updateTime":null,"wordCount":null},"ruleContent":{"content":"div.content","imageStyle":null,"nextContentUrl":null,"replaceRegex":null,"sourceRegex":n
[jsonToBookSource] ruleToc in json: true
[jsonToBookSource] sourceAny=true fallback=false
[web_book.from_json_string] parsed=true
[analyze_url] rule_url=http://localhost:18999/toc/1
[analyze_url] rule_url=<http://localhost:18999/toc/1> param match=false
[getAbsoluteURL] base=Some("http://localhost:18999/book/1") rel=<http://localhost:18999/toc/1>
[getAbsoluteURL] result=<http://localhost:18999/toc/1>
[analyze_url] url set to <http://localhost:18999/toc/1>
[get_str_response_await] url=http://localhost:18999/toc/1 type=false use_web_view=false
[okhttp.get] url=<http://localhost:18999/toc/1>
[new_call_str_response] url=<http://localhost:18999/toc/1> method=
[okhttp] enqueue executing:  http://localhost:18999/toc/1
[await_call] recv=true
[new_call_str_response] status=Some(200)
[get_elements] content head=<{"chapters":[{"title":"第一章 开始","url":"http://localhost:18999>
[get_elements] is_json=true rules=1
[get_list] ctx.json head=<{"chapters":[{"title":"第一章 开始","url":"http://localhost:18999>
[get_list] rule=$.chapters -> 2 items
[web_book.from_json_string] input={"bookSourceComment":"","bookSourceGroup":null,"bookSourceName":"本地测试","bookSourceType":0,"bookSourceUrl":"http://localhost:18999","bookUrlPattern":null,"concurrentRate":null,"customOrder":0,"enabled":true,"enabledCookieJar":false,"enabledExplore":true,"exploreUrl":null,"header":null,"lastUpdateTime":0,"loginCheckJs":null,"loginUi":null,"loginUrl":null,"respondTime":180000,"ruleBookInfo":{"author":"$.author","canReName":null,"coverUrl":null,"init":null,"intro":"$.intro","kind":null,"lastChapter":null,"name":"$.name","tocUrl":"$.tocUrl","updateTime":null,"wordCount":null},"ruleContent":{"content":"div.content","imageStyle":null,"nextContentUrl":null,"replaceRegex":null,"sourceRegex":n
[jsonToBookSource] ruleToc in json: true
[jsonToBookSource] sourceAny=true fallback=false
[web_book.from_json_string] parsed=true
[getAbsoluteURL] base=Some("http://localhost:18999/toc/1") rel=<http://localhost:18999/content/1>
[getAbsoluteURL] result=<http://localhost:18999/content/1>
[analyze_url] rule_url=http://localhost:18999/content/1
[analyze_url] rule_url=<http://localhost:18999/content/1> param match=false
[getAbsoluteURL] base=Some("http://localhost:18999/toc/1") rel=<http://localhost:18999/content/1>
[getAbsoluteURL] result=<http://localhost:18999/content/1>
[analyze_url] url set to <http://localhost:18999/content/1>
[get_str_response_await] url=http://localhost:18999/content/1 type=false use_web_view=false
[okhttp.get] url=<http://localhost:18999/content/1>
[new_call_str_response] url=<http://localhost:18999/content/1> method=
[okhttp] enqueue executing:  http://localhost:18999/content/1
[await_call] recv=true
[new_call_str_response] status=Some(200)
